// Jest Snapshot v1, https://goo.gl/fbAQLP

exports[`Snapshot App... 1`] = `undefined`;
